// Jest Snapshot v1, https://goo.gl/fbAQLP

exports[`ApplicationStatusPage ApplicationStatusPage renders correctly 1`] = `
<div
  className="application-status-container"
>
  <header>
    <div
      className="header-container"
    >
      <h2>
        Ba≈üvuru Sorgula
      </h2>
    </div>
  </header>
  <main>
    <article>
      <section
        className="application-status-page"
      >
        <div
          className="form-container form-container--20"
        >
          <form
            onSubmit={[Function]}
          >
            <div
              className="input-container"
            >
              <input
                id="code"
                name="code"
                onChange={[Function]}
                placeholder="g2G'T)W'S"
                type="text"
                value=""
              />
              <label
                htmlFor="code"
              >
                Kod
              </label>
            </div>
            <button
              className="button-item"
              type="submit"
            >
              Sorgula
            </button>
          </form>
        </div>
      </section>
    </article>
  </main>
</div>
`;
