// Jest Snapshot v1, https://goo.gl/fbAQLP

exports[`UserApplicationPage UserApplicationPage renders correctly 1`] = `
<div
  className="loading"
>
  <div
    className="lds-ring"
  >
    <div>
       
    </div>
    <div>
       
    </div>
    <div>
       
    </div>
    <div>
       
    </div>
  </div>
</div>
`;
